// Jest Snapshot v1, https://goo.gl/fbAQLP

exports[`renders correctly footer component 1`] = `
<DocumentFragment>
  <footer
    class="footer py-3 bg-dark"
  >
    <div
      class="container"
    >
      <span>
        Copyright © 2021
      </span>
      <span>
          |  All rights reserved  |  
      </span>
      <a
        class="link"
        href="https://github.com/sk1t0n/react-weather"
      >
        Anton Grabovsky
      </a>
    </div>
  </footer>
</DocumentFragment>
`;
