// Jest Snapshot v1, https://goo.gl/fbAQLP

exports[`renders correctly form component 1`] = `
<form
  className="form"
>
  <div
    className="mb-3"
  >
    <label
      className="form-label"
      htmlFor="city"
    >
      City
    </label>
    <input
      className="form-control"
      id="city"
      placeholder="Enter city"
      type="text"
    />
  </div>
  <button
    className="btn btn-primary"
    disabled={false}
    onClick={[Function]}
    type="submit"
  >
    Submit
  </button>
  <button
    className="mx-3 btn btn-warning"
    disabled={false}
    onClick={[Function]}
    type="reset"
  >
    Reset
  </button>
  <div
    className="mt-5"
  />
</form>
`;
