// Jest Snapshot v1, https://goo.gl/fbAQLP

exports[`renders correctly form component 1`] = `
<DocumentFragment>
  <form
    class="form"
  >
    <div
      class="mb-3"
    >
      <label
        class="form-label"
        for="city"
      >
        City
      </label>
      <input
        class="form-control"
        id="city"
        placeholder="Enter city"
        type="text"
      />
    </div>
    <button
      class="btn btn-primary"
      type="submit"
    >
      Submit
    </button>
    <button
      class="mx-3 btn btn-warning"
      type="reset"
    >
      Reset
    </button>
    <div
      class="mt-5"
    />
  </form>
</DocumentFragment>
`;
