// Jest Snapshot v1, https://goo.gl/fbAQLP

exports[`Form component check the snapshot 1`] = `
<DocumentFragment>
  <div
    class="max-width-600_center"
  >
    <form
      class="border rounded p-4"
    >
      <div
        class="mb-3"
      >
        <label
          class="form-label"
          for="city"
        >
          City
        </label>
        <input
          class="form-control"
          id="city"
          placeholder="Enter city"
          type="text"
        />
      </div>
      <button
        class="btn btn-primary"
        type="submit"
      >
        Submit
      </button>
      <button
        class="mx-3 btn btn-warning"
        type="reset"
      >
        Reset
      </button>
    </form>
    <div
      class="mt-5"
    />
  </div>
</DocumentFragment>
`;
